Nothing to build in platform 'system'

17:04:38 **** Incremental Build of configuration Release for project DDR_speed_test ****
make all 
'Building file: ../src/main.cpp'
'Invoking: MicroBlaze g++ compiler'
mb-g++ -Wall -O3 -c -fmessage-length=0 -MT"src/main.o" -IC:/MicroZed_projects/ArtyA7_MicroBlaze_demo/MicroBlaze_DDR_speed_test_sw/system/export/system/sw/system/standalone_domain/bspinclude/include -mlittle-endian -mxl-barrel-shift -mxl-pattern-compare -mno-xl-soft-div -mcpu=v11.0 -mno-xl-soft-mul -Wl,--no-relax -ffunction-sections -fdata-sections -MMD -MP -MF"src/main.d" -MT"src/main.d" -o "src/main.o" "../src/main.cpp"
../src/main.cpp:77:6: warning: #warning "Instruction cache is not active!" [-Wcpp]
   77 |     #warning "Instruction cache is not active!"
      |      ^~~~~~~
../src/main.cpp:82:6: warning: #warning "Data cache is not active!" [-Wcpp]
   82 |     #warning "Data cache is not active!"
      |      ^~~~~~~
'Finished building: ../src/main.cpp'
' '
'Building target: DDR_speed_test.elf'
'Invoking: MicroBlaze g++ linker'
mb-g++ -Wl,-T -Wl,../src/lscript.ld -LC:/MicroZed_projects/ArtyA7_MicroBlaze_demo/MicroBlaze_DDR_speed_test_sw/system/export/system/sw/system/standalone_domain/bsplib/lib -mlittle-endian -mxl-barrel-shift -mxl-pattern-compare -mno-xl-soft-div -mcpu=v11.0 -mno-xl-soft-mul -Wl,--no-relax -Wl,--gc-sections -o "DDR_speed_test.elf"  ./src/main.o   -Wl,--start-group,-lxil,-lgcc,-lc,-lstdc++,--end-group
'Finished building target: DDR_speed_test.elf'
' '
'Invoking: MicroBlaze Print Size'
mb-size DDR_speed_test.elf  |tee "DDR_speed_test.elf.size"
   text	   data	    bss	    dec	    hex	filename
   6192	    292	  54332	  60816	   ed90	DDR_speed_test.elf
'Finished building: DDR_speed_test.elf.size'
' '
17:04:38 **** Incremental Build of configuration Release for project DDR_speed_test_system ****
make all 
Skipping SD card image generation. Reason: "The system project only has applications for microblaze processors."
17:17:36 **** Clean-only build of configuration Release for project DDR_speed_test ****
make clean 
rm -rf  ./src/main.o  ./src/main.d  DDR_speed_test.elf.size  DDR_speed_test.elf
' '
17:17:36 **** Clean-only build of configuration Release for project DDR_speed_test_system ****
make clean 
rm -rf ./_sds
rm -rf package
rm -f system.bif
17:17:36 **** Clean-only build of project system ****
buildplatform.bat 56663 system clean 
XSDB Server Channel: tcfchan#1
Reading the platform  : "system"
Cleaning the BSP for domain  - standalone_domain
make -C microblaze_0/libsrc/bram_v4_8/src -s clean 

make -C microblaze_0/libsrc/cpu_v2_17/src -s clean 

make -C microblaze_0/libsrc/gpio_v4_9/src -s clean 

make -C microblaze_0/libsrc/standalone_v8_1/src -s clean 

make -C microblaze_0/libsrc/uartlite_v3_8/src -s clean 

rm -f microblaze_0/lib/libxil.a

